{"level":"info","message":"server started at 8080","timestamp":"2026-08-26T18:01:14.682Z"}
{"level":"info","message":"server started at 8080","timestamp":"2026-08-26T18:01:56.942Z"}
{"level":"info","message":"server started at 8080","timestamp":"2026-08-26T18:03:03.732Z"}
{"level":"info","message":"server started at 8080","timestamp":"2026-08-26T18:03:14.396Z"}
{"level":"info","message":"server started at 8080","timestamp":"2026-08-26T18:03:23.067Z"}
{"level":"info","message":"server started at 8080","timestamp":"2026-08-26T18:03:43.535Z"}
{"level":"info","message":"Request recieved getting theatres for user - 6a887a3ae72b9ca8df176af3","timestamp":"2026-08-26T18:03:50.180Z"}
{"level":"info","message":"Request recieved getting theatres for user - 6a887a3ae72b9ca8df176af3","timestamp":"2026-08-26T18:03:50.188Z"}
{"level":"info","message":"Request recieved getting theatres for user - 6a887a3ae72b9ca8df176af3","timestamp":"2026-08-26T18:08:49.843Z"}
{"level":"info","message":"Request recieved getting theatres for user - 6a887a3ae72b9ca8df176af3","timestamp":"2026-08-26T18:08:49.862Z"}
{"level":"info","message":"server started at 8080","timestamp":"2026-08-31T14:36:35.703Z"}
{"level":"info","message":"Request recieved getting theatres for user - 6a887a3ae72b9ca8df176af3","timestamp":"2026-08-31T14:53:44.547Z"}
{"level":"info","message":"Request recieved getting theatres for user - 6a887a3ae72b9ca8df176af3","timestamp":"2026-08-31T14:53:44.551Z"}
{"level":"info","message":"server started at 8080","timestamp":"2026-08-31T14:55:23.550Z"}
{"level":"info","message":"Request received to get theatres for user - 6a887a3ae72b9ca8df176af3","timestamp":"2026-08-31T14:55:24.238Z"}
{"level":"info","message":"Request received to get theatres for user - 6a887a3ae72b9ca8df176af3","timestamp":"2026-08-31T14:55:24.250Z"}
{"level":"info","message":"Request received to get theatres for user - 6a887a3ae72b9ca8df176af3","timestamp":"2026-08-31T14:55:24.869Z"}
{"level":"info","message":"Request received to get theatres for user - 6a887a3ae72b9ca8df176af3","timestamp":"2026-08-31T14:55:24.875Z"}
{"level":"info","message":"server started at 8080","timestamp":"2026-08-31T14:56:08.264Z"}
{"level":"info","message":"Request received to get theatres for user - 6a887a3ae72b9ca8df176af3","timestamp":"2026-08-31T14:56:16.880Z"}
{"level":"info","message":"Request received to get theatres for user - 6a887a3ae72b9ca8df176af3","timestamp":"2026-08-31T14:56:16.889Z"}
{"level":"info","message":"Request received to get theatre 6a8f220bdc58938f2294df1e for user - 6a887a3ae72b9ca8df176af3","timestamp":"2026-08-31T14:56:18.958Z"}
{"level":"info","message":"Request received to get theatre 6a8f220bdc58938f2294df1e for user - 6a887a3ae72b9ca8df176af3","timestamp":"2026-08-31T14:56:18.961Z"}
{"level":"info","message":"Request received to get theatres for user - 6a887a3ae72b9ca8df176af3","timestamp":"2026-08-31T14:56:23.722Z"}
{"level":"info","message":"Request received to get theatres for user - 6a887a3ae72b9ca8df176af3","timestamp":"2026-08-31T14:56:23.724Z"}
{"level":"info","message":"Request received to get theatre 6a8f23177b5a47a3e4c10142 for user - 6a887a3ae72b9ca8df176af3","timestamp":"2026-08-31T14:56:24.971Z"}
{"level":"info","message":"Request received to get theatre 6a8f23177b5a47a3e4c10142 for user - 6a887a3ae72b9ca8df176af3","timestamp":"2026-08-31T14:56:24.973Z"}
{"level":"info","message":"Request received to get theatres for user - 6a887a3ae72b9ca8df176af3","timestamp":"2026-08-31T14:56:26.404Z"}
{"level":"info","message":"Request received to get theatres for user - 6a887a3ae72b9ca8df176af3","timestamp":"2026-08-31T14:56:26.406Z"}
{"level":"info","message":"Request received to get theatre 6a8f233f7b5a47a3e4c10173 for user - 6a887a3ae72b9ca8df176af3","timestamp":"2026-08-31T14:56:27.423Z"}
{"level":"info","message":"Request received to get theatre 6a8f233f7b5a47a3e4c10173 for user - 6a887a3ae72b9ca8df176af3","timestamp":"2026-08-31T14:56:27.425Z"}
{"level":"info","message":"Request received to get theatres for user - 6a887a3ae72b9ca8df176af3","timestamp":"2026-08-31T14:56:28.860Z"}
{"level":"info","message":"Request received to get theatres for user - 6a887a3ae72b9ca8df176af3","timestamp":"2026-08-31T14:56:28.863Z"}
{"level":"info","message":"Request received to get theatre 6a8f220bdc58938f2294df1e for user - 6a887a3ae72b9ca8df176af3","timestamp":"2026-08-31T14:56:40.053Z"}
{"level":"info","message":"Request received to get theatre 6a8f220bdc58938f2294df1e for user - 6a887a3ae72b9ca8df176af3","timestamp":"2026-08-31T14:56:40.054Z"}
{"level":"info","message":"Request received to get theatres for user - 6a887a3ae72b9ca8df176af3","timestamp":"2026-08-31T14:56:51.176Z"}
{"level":"info","message":"Request received to get theatres for user - 6a887a3ae72b9ca8df176af3","timestamp":"2026-08-31T14:56:51.181Z"}
{"level":"info","message":"Request received to get theatre 6a8f23177b5a47a3e4c10142 for user - 6a887a3ae72b9ca8df176af3","timestamp":"2026-08-31T14:56:54.127Z"}
{"level":"info","message":"Request received to get theatre 6a8f23177b5a47a3e4c10142 for user - 6a887a3ae72b9ca8df176af3","timestamp":"2026-08-31T14:56:54.131Z"}
{"level":"info","message":"Request received to get theatres for user - 6a887a3ae72b9ca8df176af3","timestamp":"2026-08-31T14:56:55.625Z"}
{"level":"info","message":"Request received to get theatres for user - 6a887a3ae72b9ca8df176af3","timestamp":"2026-08-31T14:56:55.628Z"}
{"level":"info","message":"Request received to get theatre 6a8f233f7b5a47a3e4c10173 for user - 6a887a3ae72b9ca8df176af3","timestamp":"2026-08-31T14:56:56.342Z"}
{"level":"info","message":"Request received to get theatre 6a8f233f7b5a47a3e4c10173 for user - 6a887a3ae72b9ca8df176af3","timestamp":"2026-08-31T14:56:56.345Z"}
{"level":"info","message":"Request received to get theatres for user - 6a887a3ae72b9ca8df176af3","timestamp":"2026-08-31T14:56:57.407Z"}
{"level":"info","message":"Request received to get theatres for user - 6a887a3ae72b9ca8df176af3","timestamp":"2026-08-31T14:56:57.411Z"}
{"level":"info","message":"Request received to get theatre 6a8f23567b5a47a3e4c10174 for user - 6a887a3ae72b9ca8df176af3","timestamp":"2026-08-31T14:56:58.173Z"}
{"level":"info","message":"Request received to get theatre 6a8f23567b5a47a3e4c10174 for user - 6a887a3ae72b9ca8df176af3","timestamp":"2026-08-31T14:56:58.177Z"}
{"level":"info","message":"Request received to get theatres for user - 6a887a3ae72b9ca8df176af3","timestamp":"2026-08-31T14:56:59.190Z"}
{"level":"info","message":"Request received to get theatres for user - 6a887a3ae72b9ca8df176af3","timestamp":"2026-08-31T14:56:59.194Z"}
{"level":"info","message":"server started at 8080","timestamp":"2026-08-31T14:59:27.232Z"}
{"level":"info","message":"Request received to get theatres for user - 6a887a3ae72b9ca8df176af3","timestamp":"2026-08-31T14:59:56.272Z"}
{"level":"info","message":"Request received to get theatres for user - 6a887a3ae72b9ca8df176af3","timestamp":"2026-08-31T14:59:56.291Z"}
{"level":"info","message":"Request received to get theatre 6a8f23177b5a47a3e4c10142 for user - 6a887a3ae72b9ca8df176af3","timestamp":"2026-08-31T14:59:57.441Z"}
{"level":"info","message":"Request received to get theatre 6a8f23177b5a47a3e4c10142 for user - 6a887a3ae72b9ca8df176af3","timestamp":"2026-08-31T14:59:57.451Z"}
{"level":"info","message":"Request received to get theatres for user - 6a887a3ae72b9ca8df176af3","timestamp":"2026-08-31T14:59:59.148Z"}
{"level":"info","message":"Request received to get theatres for user - 6a887a3ae72b9ca8df176af3","timestamp":"2026-08-31T14:59:59.153Z"}
{"level":"info","message":"Request received to get theatre 6a8f233f7b5a47a3e4c10173 for user - 6a887a3ae72b9ca8df176af3","timestamp":"2026-08-31T15:00:00.024Z"}
{"level":"info","message":"Request received to get theatre 6a8f233f7b5a47a3e4c10173 for user - 6a887a3ae72b9ca8df176af3","timestamp":"2026-08-31T15:00:00.028Z"}
{"level":"info","message":"Request received to get theatres for user - 6a887a3ae72b9ca8df176af3","timestamp":"2026-08-31T15:00:01.137Z"}
{"level":"info","message":"Request received to get theatres for user - 6a887a3ae72b9ca8df176af3","timestamp":"2026-08-31T15:00:01.149Z"}
{"level":"info","message":"Request received to get theatre 6a8f23567b5a47a3e4c10174 for user - 6a887a3ae72b9ca8df176af3","timestamp":"2026-08-31T15:00:02.108Z"}
{"level":"info","message":"Request received to get theatre 6a8f23567b5a47a3e4c10174 for user - 6a887a3ae72b9ca8df176af3","timestamp":"2026-08-31T15:00:02.112Z"}
{"level":"info","message":"Request received to get theatres for user - 6a887a3ae72b9ca8df176af3","timestamp":"2026-08-31T15:00:03.320Z"}
{"level":"info","message":"Request received to get theatres for user - 6a887a3ae72b9ca8df176af3","timestamp":"2026-08-31T15:00:03.324Z"}
{"level":"info","message":"Request received to get theatre 6a8f220bdc58938f2294df1e for user - 6a887a3ae72b9ca8df176af3","timestamp":"2026-08-31T15:00:04.621Z"}
{"level":"info","message":"Request received to get theatre 6a8f220bdc58938f2294df1e for user - 6a887a3ae72b9ca8df176af3","timestamp":"2026-08-31T15:00:04.626Z"}
{"level":"info","message":"Request received to get theatres for user - 6a887a3ae72b9ca8df176af3","timestamp":"2026-08-31T15:00:05.786Z"}
{"level":"info","message":"Request received to get theatres for user - 6a887a3ae72b9ca8df176af3","timestamp":"2026-08-31T15:00:05.791Z"}
{"level":"info","message":"Request received to get theatres for user - 6a887a3ae72b9ca8df176af3","timestamp":"2026-08-31T15:42:02.129Z"}
{"level":"info","message":"Request received to get theatres for user - 6a887a3ae72b9ca8df176af3","timestamp":"2026-08-31T15:42:02.165Z"}
{"level":"info","message":"Request received to get theatre 6a8f220bdc58938f2294df1e for user - 6a887a3ae72b9ca8df176af3","timestamp":"2026-08-31T15:42:42.014Z"}
{"level":"info","message":"Request received to get theatre 6a8f220bdc58938f2294df1e for user - 6a887a3ae72b9ca8df176af3","timestamp":"2026-08-31T15:42:42.029Z"}
{"level":"info","message":"Request received to get theatres for user - 6a887a3ae72b9ca8df176af3","timestamp":"2026-08-31T15:43:13.370Z"}
{"level":"info","message":"Request received to get theatres for user - 6a887a3ae72b9ca8df176af3","timestamp":"2026-08-31T15:43:13.379Z"}
{"level":"info","message":"Request received to get theatre 6a8f220bdc58938f2294df1e for user - 6a887a3ae72b9ca8df176af3","timestamp":"2026-08-31T15:46:39.631Z"}
{"level":"info","message":"Request received to get theatre 6a8f220bdc58938f2294df1e for user - 6a887a3ae72b9ca8df176af3","timestamp":"2026-08-31T15:46:39.640Z"}
{"level":"info","message":"server started at 8080","timestamp":"2026-08-31T15:47:10.436Z"}
{"level":"info","message":"Request received to get theatres for user - 6a887a3ae72b9ca8df176af3","timestamp":"2026-08-31T15:47:21.673Z"}
{"level":"info","message":"Request received to get theatres for user - 6a887a3ae72b9ca8df176af3","timestamp":"2026-08-31T15:47:21.694Z"}
{"level":"info","message":"Request received to get theatre 6a8f233f7b5a47a3e4c10173 for user - 6a887a3ae72b9ca8df176af3","timestamp":"2026-08-31T15:47:22.427Z"}
{"level":"info","message":"Request received to get theatre 6a8f233f7b5a47a3e4c10173 for user - 6a887a3ae72b9ca8df176af3","timestamp":"2026-08-31T15:47:22.433Z"}
{"level":"info","message":"Request received to get theatres for user - 6a887a3ae72b9ca8df176af3","timestamp":"2026-08-31T15:47:50.286Z"}
{"level":"info","message":"Request received to get theatres for user - 6a887a3ae72b9ca8df176af3","timestamp":"2026-08-31T15:47:50.295Z"}
{"level":"info","message":"Request received to get theatre 6a8f23177b5a47a3e4c10142 for user - 6a887a3ae72b9ca8df176af3","timestamp":"2026-08-31T15:47:51.744Z"}
{"level":"info","message":"Request received to get theatre 6a8f23177b5a47a3e4c10142 for user - 6a887a3ae72b9ca8df176af3","timestamp":"2026-08-31T15:47:51.749Z"}
{"level":"info","message":"Request received to get theatres for user - 6a887a3ae72b9ca8df176af3","timestamp":"2026-08-31T15:47:52.927Z"}
{"level":"info","message":"Request received to get theatres for user - 6a887a3ae72b9ca8df176af3","timestamp":"2026-08-31T15:47:52.938Z"}
{"level":"info","message":"Request received to get theatre 6a8f23567b5a47a3e4c10174 for user - 6a887a3ae72b9ca8df176af3","timestamp":"2026-08-31T15:47:54.077Z"}
{"level":"info","message":"Request received to get theatre 6a8f23567b5a47a3e4c10174 for user - 6a887a3ae72b9ca8df176af3","timestamp":"2026-08-31T15:47:54.080Z"}
{"level":"info","message":"Request received to get theatres for user - 6a887a3ae72b9ca8df176af3","timestamp":"2026-08-31T15:47:55.644Z"}
{"level":"info","message":"Request received to get theatres for user - 6a887a3ae72b9ca8df176af3","timestamp":"2026-08-31T15:47:55.647Z"}
{"level":"info","message":"Request received to get theatres for user - 6a887a3ae72b9ca8df176af3","timestamp":"2026-08-31T15:48:04.163Z"}
{"level":"info","message":"Request received to get theatres for user - 6a887a3ae72b9ca8df176af3","timestamp":"2026-08-31T15:48:04.168Z"}
{"level":"info","message":"Request received to get theatres for user - 6a887a3ae72b9ca8df176af3","timestamp":"2026-08-31T15:48:27.013Z"}
{"level":"info","message":"Request received to get theatres for user - 6a887a3ae72b9ca8df176af3","timestamp":"2026-08-31T15:48:27.017Z"}
{"level":"info","message":"server started at 8080","timestamp":"2026-08-31T15:57:44.167Z"}
{"level":"info","message":"server started at 8080","timestamp":"2026-08-31T16:00:36.662Z"}
{"level":"info","message":"Request received to get theatres for user - 6a887a3ae72b9ca8df176af3","timestamp":"2026-08-31T16:00:55.712Z"}
{"level":"info","message":"Request received to get theatres for user - 6a887a3ae72b9ca8df176af3","timestamp":"2026-08-31T16:00:55.749Z"}
{"level":"info","message":"Request received to get theatre 6a8f220bdc58938f2294df1e for user - 6a887a3ae72b9ca8df176af3","timestamp":"2026-08-31T16:01:07.188Z"}
{"level":"info","message":"Request received to get theatre 6a8f220bdc58938f2294df1e for user - 6a887a3ae72b9ca8df176af3","timestamp":"2026-08-31T16:01:07.200Z"}
{"level":"info","message":"server started at 8080","timestamp":"2026-08-31T16:04:30.818Z"}
{"level":"info","message":"server started at 8080","timestamp":"2026-08-31T16:05:47.289Z"}
{"level":"info","message":"Request received to get theatres for user - 6a887a3ae72b9ca8df176af3","timestamp":"2026-08-31T16:06:02.255Z"}
{"level":"info","message":"Request received to get theatres for user - 6a887a3ae72b9ca8df176af3","timestamp":"2026-08-31T16:06:02.272Z"}
{"level":"info","message":"Request received to get theatre 6a8f220bdc58938f2294df1e for user - 6a887a3ae72b9ca8df176af3","timestamp":"2026-08-31T16:06:03.587Z"}
{"level":"info","message":"Request received to get theatre 6a8f220bdc58938f2294df1e for user - 6a887a3ae72b9ca8df176af3","timestamp":"2026-08-31T16:06:03.606Z"}
{"level":"info","message":"Request received to get theatres for user - 6a887a3ae72b9ca8df176af3","timestamp":"2026-08-31T16:07:53.045Z"}
{"level":"info","message":"Request received to get theatres for user - 6a887a3ae72b9ca8df176af3","timestamp":"2026-08-31T16:07:53.123Z"}
{"level":"info","message":"server started at 8080","timestamp":"2026-08-31T16:07:58.842Z"}
{"level":"info","message":"Request received to get theatres for user - 6a887a3ae72b9ca8df176af3","timestamp":"2026-08-31T16:08:21.558Z"}
{"level":"info","message":"Request received to get theatres for user - 6a887a3ae72b9ca8df176af3","timestamp":"2026-08-31T16:08:21.575Z"}
{"level":"info","message":"server started at 8080","timestamp":"2026-08-31T16:08:23.391Z"}
{"level":"info","message":"Request received to get theatres for user - 6a887a3ae72b9ca8df176af3","timestamp":"2026-08-31T16:09:01.658Z"}
{"level":"info","message":"Request received to get theatres for user - 6a887a3ae72b9ca8df176af3","timestamp":"2026-08-31T16:09:01.690Z"}
{"level":"info","message":"Request received to get theatre 6a8f220bdc58938f2294df1e for user - 6a887a3ae72b9ca8df176af3","timestamp":"2026-08-31T16:09:02.759Z"}
{"level":"info","message":"Request received to get theatre 6a8f220bdc58938f2294df1e for user - 6a887a3ae72b9ca8df176af3","timestamp":"2026-08-31T16:09:02.769Z"}
{"level":"info","message":"Request received to get theatres for user - 6a887a3ae72b9ca8df176af3","timestamp":"2026-08-31T16:10:09.149Z"}
{"level":"info","message":"Request received to get theatres for user - 6a887a3ae72b9ca8df176af3","timestamp":"2026-08-31T16:10:09.178Z"}
{"level":"info","message":"Request received to get theatre 6a8f23177b5a47a3e4c10142 for user - 6a887a3ae72b9ca8df176af3","timestamp":"2026-08-31T16:10:13.027Z"}
{"level":"info","message":"Request received to get theatre 6a8f23177b5a47a3e4c10142 for user - 6a887a3ae72b9ca8df176af3","timestamp":"2026-08-31T16:10:13.050Z"}
{"level":"info","message":"Request received to get theatres for user - 6a887a3ae72b9ca8df176af3","timestamp":"2026-08-31T16:10:18.833Z"}
{"level":"info","message":"Request received to get theatres for user - 6a887a3ae72b9ca8df176af3","timestamp":"2026-08-31T16:10:18.837Z"}
{"level":"info","message":"Request received to get theatre 6a8f220bdc58938f2294df1e for user - 6a887a3ae72b9ca8df176af3","timestamp":"2026-08-31T16:10:21.682Z"}
{"level":"info","message":"Request received to get theatre 6a8f220bdc58938f2294df1e for user - 6a887a3ae72b9ca8df176af3","timestamp":"2026-08-31T16:10:21.686Z"}
{"level":"info","message":"server started at 8080","timestamp":"2026-08-31T16:10:27.672Z"}
{"level":"info","message":"Request received to get theatres for user - 6a887a3ae72b9ca8df176af3","timestamp":"2026-08-31T16:10:47.730Z"}
{"level":"info","message":"Request received to get theatres for user - 6a887a3ae72b9ca8df176af3","timestamp":"2026-08-31T16:10:47.741Z"}
{"level":"info","message":"Request received to get theatre 6a8f220bdc58938f2294df1e for user - 6a887a3ae72b9ca8df176af3","timestamp":"2026-08-31T16:10:49.019Z"}
{"level":"info","message":"Request received to get theatre 6a8f220bdc58938f2294df1e for user - 6a887a3ae72b9ca8df176af3","timestamp":"2026-08-31T16:10:49.028Z"}
{"level":"info","message":"Request received to get theatres for user - 6a887a3ae72b9ca8df176af3","timestamp":"2026-08-31T16:11:55.076Z"}
{"level":"info","message":"Request received to get theatres for user - 6a887a3ae72b9ca8df176af3","timestamp":"2026-08-31T16:11:55.084Z"}
{"level":"info","message":"Request received to get theatre 6a8f23177b5a47a3e4c10142 for user - 6a887a3ae72b9ca8df176af3","timestamp":"2026-08-31T16:11:55.973Z"}
{"level":"info","message":"Request received to get theatre 6a8f23177b5a47a3e4c10142 for user - 6a887a3ae72b9ca8df176af3","timestamp":"2026-08-31T16:11:55.979Z"}
{"level":"info","message":"server started at 8080","timestamp":"2026-08-31T16:13:27.228Z"}
{"level":"info","message":"Request received to get theatres for user - 6a887a3ae72b9ca8df176af3","timestamp":"2026-08-31T16:13:59.829Z"}
{"level":"info","message":"Request received to get theatres for user - 6a887a3ae72b9ca8df176af3","timestamp":"2026-08-31T16:13:59.848Z"}
{"level":"info","message":"Request received to get theatre 6a8f220bdc58938f2294df1e for user - 6a887a3ae72b9ca8df176af3","timestamp":"2026-08-31T16:14:01.148Z"}
{"level":"info","message":"Request received to get theatre 6a8f220bdc58938f2294df1e for user - 6a887a3ae72b9ca8df176af3","timestamp":"2026-08-31T16:14:01.156Z"}
{"level":"info","message":"Request received to get theatres for user - 6a887a3ae72b9ca8df176af3","timestamp":"2026-08-31T16:14:06.056Z"}
{"level":"info","message":"Request received to get theatres for user - 6a887a3ae72b9ca8df176af3","timestamp":"2026-08-31T16:14:06.068Z"}
{"level":"info","message":"Request received to get theatre 6a8f23177b5a47a3e4c10142 for user - 6a887a3ae72b9ca8df176af3","timestamp":"2026-08-31T16:14:07.427Z"}
{"level":"info","message":"Request received to get theatre 6a8f23177b5a47a3e4c10142 for user - 6a887a3ae72b9ca8df176af3","timestamp":"2026-08-31T16:14:07.436Z"}
{"level":"info","message":"Request received to get theatres for user - 6a887a3ae72b9ca8df176af3","timestamp":"2026-08-31T16:15:27.851Z"}
{"level":"info","message":"Request received to get theatres for user - 6a887a3ae72b9ca8df176af3","timestamp":"2026-08-31T16:15:27.854Z"}
{"level":"info","message":"Request received to get theatres for user - 6a887a3ae72b9ca8df176af3","timestamp":"2026-08-31T16:15:46.738Z"}
{"level":"info","message":"Request received to get theatres for user - 6a887a3ae72b9ca8df176af3","timestamp":"2026-08-31T16:15:46.748Z"}
{"level":"info","message":"Request received to get theatre 6a8f220bdc58938f2294df1e for user - 6a887a3ae72b9ca8df176af3","timestamp":"2026-08-31T16:15:48.100Z"}
{"level":"info","message":"Request received to get theatre 6a8f220bdc58938f2294df1e for user - 6a887a3ae72b9ca8df176af3","timestamp":"2026-08-31T16:15:48.105Z"}
{"level":"info","message":"Request received to get theatres for user - 6a887a3ae72b9ca8df176af3","timestamp":"2026-08-31T16:15:56.150Z"}
{"level":"info","message":"Request received to get theatres for user - 6a887a3ae72b9ca8df176af3","timestamp":"2026-08-31T16:15:56.154Z"}
{"level":"info","message":"Request received to get theatres for user - 6a887a3ae72b9ca8df176af3","timestamp":"2026-08-31T16:17:38.091Z"}
{"level":"info","message":"Request received to get theatres for user - 6a887a3ae72b9ca8df176af3","timestamp":"2026-08-31T16:17:38.102Z"}
{"level":"info","message":"Request received to get theatre 6a8f233f7b5a47a3e4c10173 for user - 6a887a3ae72b9ca8df176af3","timestamp":"2026-08-31T16:17:39.126Z"}
{"level":"info","message":"Request received to get theatre 6a8f233f7b5a47a3e4c10173 for user - 6a887a3ae72b9ca8df176af3","timestamp":"2026-08-31T16:17:39.132Z"}
{"level":"info","message":"Request received to get theatres for user - 6a887a3ae72b9ca8df176af3","timestamp":"2026-08-31T16:18:13.631Z"}
{"level":"info","message":"Request received to get theatres for user - 6a887a3ae72b9ca8df176af3","timestamp":"2026-08-31T16:18:13.649Z"}
{"level":"info","message":"server started at 8080","timestamp":"2026-08-31T16:20:41.082Z"}
{"level":"info","message":"server started at 8080","timestamp":"2026-08-31T16:22:47.927Z"}
{"level":"info","message":"server started at 8080","timestamp":"2026-08-31T16:26:19.665Z"}
{"level":"info","message":"server started at 8080","timestamp":"2026-08-31T16:29:27.402Z"}
{"level":"info","message":"server started at 8080","timestamp":"2026-08-31T16:29:41.063Z"}
{"level":"info","message":"server started at 8080","timestamp":"2026-08-31T16:30:32.732Z"}
{"level":"info","message":"server started at 8080","timestamp":"2026-08-31T16:30:54.452Z"}
{"level":"info","message":"server started at 8080","timestamp":"2026-08-31T16:31:17.686Z"}
{"level":"info","message":"server started at 8080","timestamp":"2026-08-31T16:31:32.790Z"}
{"level":"info","message":"Request received to get theatres for user - 6a887a3ae72b9ca8df176af3","timestamp":"2026-08-31T16:32:05.102Z"}
{"level":"info","message":"Request received to get theatres for user - 6a887a3ae72b9ca8df176af3","timestamp":"2026-08-31T16:32:05.111Z"}
{"level":"info","message":"Request received to get theatre 6a8f220bdc58938f2294df1e for user - 6a887a3ae72b9ca8df176af3","timestamp":"2026-08-31T16:32:05.971Z"}
{"level":"info","message":"Request received to get theatre 6a8f220bdc58938f2294df1e for user - 6a887a3ae72b9ca8df176af3","timestamp":"2026-08-31T16:32:05.980Z"}
{"level":"info","message":"server started at 8080","timestamp":"2026-08-31T16:32:15.737Z"}
{"level":"info","message":"server started at 8080","timestamp":"2026-08-31T16:33:43.366Z"}
{"level":"info","message":"Request received to get theatres for user - 6a887a3ae72b9ca8df176af3","timestamp":"2026-08-31T16:34:27.645Z"}
{"level":"info","message":"Request received to get theatres for user - 6a887a3ae72b9ca8df176af3","timestamp":"2026-08-31T16:34:27.741Z"}
{"level":"info","message":"Request received to get theatre 6a8f220bdc58938f2294df1e for user - 6a887a3ae72b9ca8df176af3","timestamp":"2026-08-31T16:34:28.697Z"}
{"level":"info","message":"Request received to get theatre 6a8f220bdc58938f2294df1e for user - 6a887a3ae72b9ca8df176af3","timestamp":"2026-08-31T16:34:28.714Z"}
{"level":"info","message":"Request received to get theatres for user - 6a887a3ae72b9ca8df176af3","timestamp":"2026-08-31T16:35:55.764Z"}
{"level":"info","message":"Request received to get theatres for user - 6a887a3ae72b9ca8df176af3","timestamp":"2026-08-31T16:35:55.782Z"}
{"level":"info","message":"Request received to get theatre 6a8f220bdc58938f2294df1e for user - 6a887a3ae72b9ca8df176af3","timestamp":"2026-08-31T16:35:57.080Z"}
{"level":"info","message":"Request received to get theatre 6a8f220bdc58938f2294df1e for user - 6a887a3ae72b9ca8df176af3","timestamp":"2026-08-31T16:35:57.088Z"}
{"level":"info","message":"Request received to get theatres for user - 6a887a3ae72b9ca8df176af3","timestamp":"2026-08-31T16:36:53.415Z"}
{"level":"info","message":"Request received to get theatres for user - 6a887a3ae72b9ca8df176af3","timestamp":"2026-08-31T16:36:53.420Z"}
{"level":"info","message":"Request received to get theatre 6a8f23177b5a47a3e4c10142 for user - 6a887a3ae72b9ca8df176af3","timestamp":"2026-08-31T16:36:54.748Z"}
{"level":"info","message":"Request received to get theatre 6a8f23177b5a47a3e4c10142 for user - 6a887a3ae72b9ca8df176af3","timestamp":"2026-08-31T16:36:54.754Z"}
{"level":"info","message":"Request received to get theatres for user - 6a887a3ae72b9ca8df176af3","timestamp":"2026-08-31T16:37:08.184Z"}
{"level":"info","message":"Request received to get theatres for user - 6a887a3ae72b9ca8df176af3","timestamp":"2026-08-31T16:37:08.187Z"}
{"level":"info","message":"Request received to get theatre 6a8f233f7b5a47a3e4c10173 for user - 6a887a3ae72b9ca8df176af3","timestamp":"2026-08-31T16:37:19.952Z"}
{"level":"info","message":"Request received to get theatre 6a8f233f7b5a47a3e4c10173 for user - 6a887a3ae72b9ca8df176af3","timestamp":"2026-08-31T16:37:19.959Z"}
{"level":"info","message":"Request received to get theatres for user - 6a887a3ae72b9ca8df176af3","timestamp":"2026-08-31T16:37:44.423Z"}
{"level":"info","message":"Request received to get theatres for user - 6a887a3ae72b9ca8df176af3","timestamp":"2026-08-31T16:37:44.427Z"}
{"level":"info","message":"Request received to get theatres for user - 6a887a3ae72b9ca8df176af3","timestamp":"2026-08-31T16:50:38.204Z"}
{"level":"info","message":"Request received to get theatres for user - 6a887a3ae72b9ca8df176af3","timestamp":"2026-08-31T16:50:38.226Z"}
{"level":"info","message":"Request received to get theatres for user - 6a887a3ae72b9ca8df176af3","timestamp":"2026-08-31T16:51:13.534Z"}
{"level":"info","message":"Request received to get theatres for user - 6a887a3ae72b9ca8df176af3","timestamp":"2026-08-31T16:51:13.543Z"}
{"level":"info","message":"Request received to get theatre 6a8f220bdc58938f2294df1e for user - 6a887a3ae72b9ca8df176af3","timestamp":"2026-08-31T16:51:44.154Z"}
{"level":"info","message":"Request received to get theatre 6a8f220bdc58938f2294df1e for user - 6a887a3ae72b9ca8df176af3","timestamp":"2026-08-31T16:51:44.163Z"}
{"level":"info","message":"server started at 8080","timestamp":"2026-08-31T16:53:55.865Z"}
{"level":"info","message":"Request received to get theatres for user - 6a887a3ae72b9ca8df176af3","timestamp":"2026-08-31T16:59:18.701Z"}
{"level":"info","message":"Request received to get theatres for user - 6a887a3ae72b9ca8df176af3","timestamp":"2026-08-31T16:59:18.728Z"}
{"level":"info","message":"Request received to get theatres for user - 6a887a3ae72b9ca8df176af3","timestamp":"2026-08-31T16:59:27.773Z"}
{"level":"info","message":"Request received to get theatres for user - 6a887a3ae72b9ca8df176af3","timestamp":"2026-08-31T16:59:27.782Z"}
{"level":"info","message":"Request received to get theatres for user - 6a887a3ae72b9ca8df176af3","timestamp":"2026-08-31T16:59:28.597Z"}
{"level":"info","message":"Request received to get theatres for user - 6a887a3ae72b9ca8df176af3","timestamp":"2026-08-31T16:59:28.602Z"}
{"level":"info","message":"Request received to get theatre 6a8f220bdc58938f2294df1e for user - 6a887a3ae72b9ca8df176af3","timestamp":"2026-08-31T16:59:30.502Z"}
{"level":"info","message":"Request received to get theatre 6a8f220bdc58938f2294df1e for user - 6a887a3ae72b9ca8df176af3","timestamp":"2026-08-31T16:59:30.509Z"}
{"level":"info","message":"Request received to get theatres for user - 6a887a3ae72b9ca8df176af3","timestamp":"2026-08-31T16:59:32.916Z"}
{"level":"info","message":"Request received to get theatres for user - 6a887a3ae72b9ca8df176af3","timestamp":"2026-08-31T16:59:32.919Z"}
{"level":"info","message":"server started at 8080","timestamp":"2026-08-31T17:04:05.134Z"}
{"level":"info","message":"server started at 8080","timestamp":"2026-08-31T17:08:24.819Z"}
{"level":"info","message":"server started at 8080","timestamp":"2026-08-31T17:10:14.127Z"}
{"level":"info","message":"server started at 8080","timestamp":"2026-08-31T17:11:09.115Z"}
{"level":"info","message":"server started at 8080","timestamp":"2026-08-31T17:12:07.134Z"}
{"level":"info","message":"server started at 8080","timestamp":"2026-08-31T17:12:31.179Z"}
{"level":"info","message":"server started at 8080","timestamp":"2026-08-31T17:13:00.852Z"}
{"level":"info","message":"server started at 8080","timestamp":"2026-08-31T17:24:17.481Z"}
{"level":"info","message":"server started at 8080","timestamp":"2026-08-31T17:24:35.255Z"}
{"level":"info","message":"server started at 8080","timestamp":"2026-08-31T17:25:34.230Z"}
{"level":"info","message":"server started at 8080","timestamp":"2026-08-31T17:26:13.186Z"}
{"level":"info","message":"server started at 8080","timestamp":"2026-08-31T17:28:49.285Z"}
{"level":"info","message":"server started at 8080","timestamp":"2026-08-31T17:30:41.737Z"}
{"level":"info","message":"server started at 8080","timestamp":"2026-08-31T17:34:30.386Z"}
{"level":"info","message":"server started at 8080","timestamp":"2026-08-31T17:41:00.598Z"}
{"level":"info","message":"server started at 8080","timestamp":"2026-08-31T17:42:04.429Z"}
{"level":"info","message":"server started at 8080","timestamp":"2026-08-31T17:43:04.555Z"}
{"level":"info","message":"server started at 8080","timestamp":"2026-08-31T17:49:14.436Z"}
{"level":"info","message":"server started at 8080","timestamp":"2026-08-31T17:49:48.989Z"}
{"level":"info","message":"server started at 8080","timestamp":"2026-08-31T17:54:24.040Z"}
{"level":"info","message":"server started at 8080","timestamp":"2026-08-31T17:56:27.750Z"}
{"level":"info","message":"server started at 8080","timestamp":"2026-08-31T17:56:34.432Z"}
{"level":"info","message":"server started at 8080","timestamp":"2026-09-02T15:40:43.918Z"}
{"level":"info","message":"Request received to get theatres for user - 6a887a3ae72b9ca8df176af3","timestamp":"2026-09-02T15:41:11.563Z"}
{"level":"info","message":"Request received to get theatres for user - 6a887a3ae72b9ca8df176af3","timestamp":"2026-09-02T15:41:11.580Z"}
{"level":"info","message":"Request received to get theatres for user - 6a887a3ae72b9ca8df176af3","timestamp":"2026-09-02T15:41:13.710Z"}
{"level":"info","message":"Request received to get theatres for user - 6a887a3ae72b9ca8df176af3","timestamp":"2026-09-02T15:41:13.716Z"}
{"level":"info","message":"Request received to get theatre 6a8f220bdc58938f2294df1e for user - 6a887a3ae72b9ca8df176af3","timestamp":"2026-09-02T15:41:24.281Z"}
{"level":"info","message":"Request received to get theatre 6a8f220bdc58938f2294df1e for user - 6a887a3ae72b9ca8df176af3","timestamp":"2026-09-02T15:41:24.295Z"}
{"level":"info","message":"Request received to get theatres for user - 6a887a3ae72b9ca8df176af3","timestamp":"2026-09-02T15:44:12.727Z"}
{"level":"info","message":"Request received to get theatres for user - 6a887a3ae72b9ca8df176af3","timestamp":"2026-09-02T15:44:12.812Z"}
{"level":"info","message":"Request received to get theatres for user - 6a887a3ae72b9ca8df176af3","timestamp":"2026-09-02T15:46:52.468Z"}
{"level":"info","message":"Request received to get theatres for user - 6a887a3ae72b9ca8df176af3","timestamp":"2026-09-02T15:46:52.488Z"}
{"level":"info","message":"Request received to get theatres for user - 6a887a3ae72b9ca8df176af3","timestamp":"2026-09-02T15:46:57.406Z"}
{"level":"info","message":"Request received to get theatres for user - 6a887a3ae72b9ca8df176af3","timestamp":"2026-09-02T15:46:57.410Z"}
{"level":"info","message":"Request received to get theatre 6a8f220bdc58938f2294df1e for user - 6a887a3ae72b9ca8df176af3","timestamp":"2026-09-02T15:47:00.292Z"}
{"level":"info","message":"Request received to get theatre 6a8f220bdc58938f2294df1e for user - 6a887a3ae72b9ca8df176af3","timestamp":"2026-09-02T15:47:00.301Z"}
{"level":"info","message":"Request received to get theatres for user - 6a887a3ae72b9ca8df176af3","timestamp":"2026-09-02T15:47:25.878Z"}
{"level":"info","message":"Request received to get theatres for user - 6a887a3ae72b9ca8df176af3","timestamp":"2026-09-02T15:47:25.883Z"}
{"level":"info","message":"Request received to get theatre 6a8f23177b5a47a3e4c10142 for user - 6a887a3ae72b9ca8df176af3","timestamp":"2026-09-02T15:47:27.346Z"}
{"level":"info","message":"Request received to get theatre 6a8f23177b5a47a3e4c10142 for user - 6a887a3ae72b9ca8df176af3","timestamp":"2026-09-02T15:47:27.351Z"}
{"level":"info","message":"Request received to get theatres for user - 6a887a3ae72b9ca8df176af3","timestamp":"2026-09-02T15:47:33.326Z"}
{"level":"info","message":"Request received to get theatres for user - 6a887a3ae72b9ca8df176af3","timestamp":"2026-09-02T15:47:33.331Z"}
{"level":"info","message":"Request received to get theatre 6a8f23177b5a47a3e4c10142 for user - 6a887a3ae72b9ca8df176af3","timestamp":"2026-09-02T15:47:36.560Z"}
{"level":"info","message":"Request received to get theatre 6a8f23177b5a47a3e4c10142 for user - 6a887a3ae72b9ca8df176af3","timestamp":"2026-09-02T15:47:36.566Z"}
{"level":"info","message":"Request received to get theatres for user - 6a887a3ae72b9ca8df176af3","timestamp":"2026-09-02T15:48:04.497Z"}
{"level":"info","message":"Request received to get theatres for user - 6a887a3ae72b9ca8df176af3","timestamp":"2026-09-02T15:48:04.501Z"}
{"level":"info","message":"Request received to get theatre 6a8f233f7b5a47a3e4c10173 for user - 6a887a3ae72b9ca8df176af3","timestamp":"2026-09-02T15:48:06.677Z"}
{"level":"info","message":"Request received to get theatre 6a8f233f7b5a47a3e4c10173 for user - 6a887a3ae72b9ca8df176af3","timestamp":"2026-09-02T15:48:06.681Z"}
{"level":"info","message":"Request received to get theatres for user - 6a887a3ae72b9ca8df176af3","timestamp":"2026-09-02T15:48:10.432Z"}
{"level":"info","message":"Request received to get theatres for user - 6a887a3ae72b9ca8df176af3","timestamp":"2026-09-02T15:48:10.435Z"}
{"level":"info","message":"Request received to get theatre 6a8f23567b5a47a3e4c10174 for user - 6a887a3ae72b9ca8df176af3","timestamp":"2026-09-02T15:48:11.912Z"}
{"level":"info","message":"Request received to get theatre 6a8f23567b5a47a3e4c10174 for user - 6a887a3ae72b9ca8df176af3","timestamp":"2026-09-02T15:48:11.916Z"}
{"level":"info","message":"Request received to get theatres for user - 6a887a3ae72b9ca8df176af3","timestamp":"2026-09-02T15:48:21.231Z"}
{"level":"info","message":"Request received to get theatres for user - 6a887a3ae72b9ca8df176af3","timestamp":"2026-09-02T15:48:21.234Z"}
{"level":"info","message":"Request received to get theatre 6a8f220bdc58938f2294df1e for user - 6a887a3ae72b9ca8df176af3","timestamp":"2026-09-02T15:48:40.430Z"}
{"level":"info","message":"Request received to get theatre 6a8f220bdc58938f2294df1e for user - 6a887a3ae72b9ca8df176af3","timestamp":"2026-09-02T15:48:40.434Z"}
{"level":"info","message":"Request received to get theatres for user - 6a887a3ae72b9ca8df176af3","timestamp":"2026-09-02T15:49:00.669Z"}
{"level":"info","message":"Request received to get theatres for user - 6a887a3ae72b9ca8df176af3","timestamp":"2026-09-02T15:49:00.673Z"}
{"level":"info","message":"server started at 8080","timestamp":"2026-09-02T16:00:37.592Z"}
{"level":"info","message":"server started at 8080","timestamp":"2026-09-02T16:01:19.841Z"}
{"level":"info","message":"server started at 8080","timestamp":"2026-09-02T16:04:36.252Z"}
{"level":"info","message":"server started at 8080","timestamp":"2026-09-02T16:04:56.255Z"}
{"level":"info","message":"server started at 8080","timestamp":"2026-09-02T16:05:28.459Z"}
{"level":"info","message":"server started at 8080","timestamp":"2026-09-02T17:31:57.289Z"}
{"level":"info","message":"server started at 8080","timestamp":"2026-09-02T17:35:29.536Z"}
{"level":"info","message":"server started at 8080","timestamp":"2026-09-02T17:43:13.933Z"}
{"level":"info","message":"server started at 8080","timestamp":"2026-09-02T17:43:14.813Z"}
{"level":"info","message":"server started at 8080","timestamp":"2026-09-02T17:43:15.687Z"}
{"level":"info","message":"server started at 8080","timestamp":"2026-09-02T18:11:28.452Z"}
{"level":"info","message":"server started at 8080","timestamp":"2026-09-04T13:32:26.230Z"}
{"level":"info","message":"server started at 8080","timestamp":"2026-09-04T13:38:55.180Z"}
{"level":"info","message":"server started at 8080","timestamp":"2026-09-04T16:05:03.386Z"}
{"level":"info","message":"server started at 8080","timestamp":"2026-09-04T16:20:35.709Z"}
{"level":"info","message":"server started at 8080","timestamp":"2026-09-04T16:22:37.764Z"}
{"level":"info","message":"server started at 8080","timestamp":"2026-09-04T16:24:20.781Z"}
{"level":"info","message":"server started at 8080","timestamp":"2026-09-04T16:24:39.178Z"}
{"level":"info","message":"server started at 8080","timestamp":"2026-09-04T16:25:02.637Z"}
{"level":"info","message":"server started at 8080","timestamp":"2026-09-04T16:25:21.795Z"}
{"level":"info","message":"server started at 8080","timestamp":"2026-09-04T16:28:00.815Z"}
{"level":"info","message":"server started at 8080","timestamp":"2026-09-04T16:31:11.396Z"}
{"level":"info","message":"server started at 8080","timestamp":"2026-09-04T16:40:05.317Z"}
{"level":"info","message":"server started at 8080","timestamp":"2026-09-04T16:58:33.569Z"}
{"level":"info","message":"server started at 8080","timestamp":"2026-09-04T16:59:43.116Z"}
{"level":"info","message":"server started at 8080","timestamp":"2026-09-04T17:26:27.446Z"}
{"level":"info","message":"server started at 8080","timestamp":"2026-09-04T17:27:19.184Z"}
{"level":"info","message":"server started at 8080","timestamp":"2026-09-04T17:28:36.671Z"}
{"level":"info","message":"server started at 8080","timestamp":"2026-09-04T17:28:55.025Z"}
{"level":"info","message":"server started at 8080","timestamp":"2026-09-04T17:29:03.205Z"}
{"level":"info","message":"server started at 8080","timestamp":"2026-09-04T17:29:09.340Z"}
{"level":"info","message":"server started at 8080","timestamp":"2026-09-04T17:39:48.524Z"}
{"level":"info","message":"server started at 8080","timestamp":"2026-09-04T17:42:24.339Z"}
{"level":"info","message":"Request received to get theatres for user - 6a9b03199351ef94b736d602","timestamp":"2026-09-04T17:43:12.729Z"}
{"level":"info","message":"Request received to get theatres for user - 6a9b03199351ef94b736d602","timestamp":"2026-09-04T17:43:12.785Z"}
{"level":"info","message":"Request received to create theatre for user - 6a9b03199351ef94b736d602","timestamp":"2026-09-04T17:43:30.074Z"}
{"level":"info","message":"Request received to get theatres for user - 6a9b03199351ef94b736d602","timestamp":"2026-09-04T17:43:30.138Z"}
{"level":"info","message":"Request received to get theatres for user - 6a9b03199351ef94b736d602","timestamp":"2026-09-04T17:43:30.177Z"}
